[ "England", "International", "Spain", "United States of America" ]
